// Jest Snapshot v1, https://goo.gl/fbAQLP

exports[`<Main /> should render 1`] = `
<main
  class="sc-bdvuGq dBXIPC"
>
  <h1>
    React Aula
  </h1>
</main>
`;
